../../TouchGFX/gui/include/gui/model/ModelListener.hpp:17:18:virtual void ModelListener::set_dtcs(char**, int)	0	static
../../TouchGFX/gui/include/gui/freeze_frame_data_screen/Freeze_Frame_DataPresenter.hpp:31:13:Freeze_Frame_DataPresenter::~Freeze_Frame_DataPresenter()	0	static
C:/ESP-IDF/Gateway_updates/UART_Display_3/TouchGFX/gui/src/freeze_frame_data_screen/Freeze_Frame_DataPresenter.cpp:21:6:virtual void Freeze_Frame_DataPresenter::deactivate()	0	static
../../TouchGFX/gui/include/gui/freeze_frame_data_screen/Freeze_Frame_DataPresenter.hpp:31:13:virtual Freeze_Frame_DataPresenter::~Freeze_Frame_DataPresenter()	8	static
C:/ESP-IDF/Gateway_updates/UART_Display_3/TouchGFX/gui/src/freeze_frame_data_screen/Freeze_Frame_DataPresenter.cpp:16:6:virtual void Freeze_Frame_DataPresenter::activate()	0	static
../../Core/Inc/PIDs_Library.hpp:189:14:char* decode_ThrottlePosition(const uint8_t*)	24	static
../../Core/Inc/PIDs_Library.hpp:125:14:char* decode_intakeAirTemp(const uint8_t*)	24	static
../../Core/Inc/PIDs_Library.hpp:103:14:char* decode_VechicleSpeed(const uint8_t*)	24	static
../../Core/Inc/PIDs_Library.hpp:92:14:char* decode_EngineSpeed(const uint8_t*)	24	static
../../Core/Inc/PIDs_Library.hpp:81:14:char* decode_ManifoldABSPressure(const uint8_t*)	24	static
../../Core/Inc/PIDs_Library.hpp:71:14:char* decode_FuelPressure(const uint8_t*)	24	static
../../Core/Inc/PIDs_Library.hpp:61:14:char* decode_EngineTemp(const uint8_t*)	24	static
../../Core/Inc/PIDs_Library.hpp:179:14:char* decode_EngineLoad(const uint8_t*)	24	static
../../Core/Inc/PIDs_Library.hpp:51:14:char* bit_Map_Request(const uint8_t*)	16	static
../../Core/Inc/PIDs_Library.hpp:41:14:char* bit_Mask_Request(const uint8_t*)	16	static
../../Core/Inc/PIDs_Library.hpp:167:14:char* decode_PercentDualBanks(const uint8_t*)	24	static
../../TouchGFX/gui/include/gui/freeze_frame_data_screen/Freeze_Frame_DataPresenter.hpp:31:13:virtual void* Freeze_Frame_DataPresenter::_ZThn4_N26Freeze_Frame_DataPresenterD1Ev()	0	static
../../TouchGFX/gui/include/gui/freeze_frame_data_screen/Freeze_Frame_DataPresenter.hpp:31:13:virtual void* Freeze_Frame_DataPresenter::_ZThn4_N26Freeze_Frame_DataPresenterD0Ev()	8	static
C:/ESP-IDF/Gateway_updates/UART_Display_3/TouchGFX/gui/src/freeze_frame_data_screen/Freeze_Frame_DataPresenter.cpp:10:1:Freeze_Frame_DataPresenter::Freeze_Frame_DataPresenter(Freeze_Frame_DataView&)	4	static
C:/ESP-IDF/Gateway_updates/UART_Display_3/TouchGFX/gui/src/freeze_frame_data_screen/Freeze_Frame_DataPresenter.cpp:27:6:void Freeze_Frame_DataPresenter::set_Service(uart_comms_t, uint8_t)	0	static
C:/ESP-IDF/Gateway_updates/UART_Display_3/TouchGFX/gui/src/freeze_frame_data_screen/Freeze_Frame_DataPresenter.cpp:58:20:const char* const Freeze_Frame_DataPresenter::get_data_title(int)	0	static
C:/ESP-IDF/Gateway_updates/UART_Display_3/TouchGFX/gui/src/freeze_frame_data_screen/Freeze_Frame_DataPresenter.cpp:62:9:uint8_t Freeze_Frame_DataPresenter::get_PIDCode(int)	0	static
C:/ESP-IDF/Gateway_updates/UART_Display_3/TouchGFX/gui/src/freeze_frame_data_screen/Freeze_Frame_DataPresenter.cpp:66:13:const char* Freeze_Frame_DataPresenter::get_Value(int)	4	static
C:/ESP-IDF/Gateway_updates/UART_Display_3/TouchGFX/gui/src/freeze_frame_data_screen/Freeze_Frame_DataPresenter.cpp:93:6:void Freeze_Frame_DataPresenter::PID_List_init(uint8_t (*)[4])	32	static
C:/ESP-IDF/Gateway_updates/UART_Display_3/TouchGFX/gui/src/freeze_frame_data_screen/Freeze_Frame_DataPresenter.cpp:73:6:virtual void Freeze_Frame_DataPresenter::set_Data(int, uint8_t*, uint8_t (*)[4], int)	32	static
../../TouchGFX/gui/include/gui/freeze_frame_data_screen/Freeze_Frame_DataPresenter.hpp:38:10:virtual void Freeze_Frame_DataPresenter::_ZThn4_N26Freeze_Frame_DataPresenter8set_DataEiPhPA4_hi(int, uint8_t*, uint8_t (*)[4], int)	32	static
