../../Middlewares/ST/touchgfx/framework/include/touchgfx/Screen.hpp:104:18:virtual void touchgfx::Screen::afterTransition()	0	static
../../Middlewares/ST/touchgfx/framework/include/touchgfx/Screen.hpp:154:18:virtual void touchgfx::Screen::handleKeyEvent(uint8_t)	0	static
../../TouchGFX/generated/gui_generated/include/gui_generated/freeze_frame_data_screen/Freeze_Frame_DataViewBase.hpp:23:18:virtual void Freeze_Frame_DataViewBase::Freeze_dataUpdateItem(rowItem_Data&, int16_t)	0	static
../../Middlewares/ST/touchgfx/framework/include/touchgfx/Callback.hpp:357:8:touchgfx::Callback<Freeze_Frame_DataView, const touchgfx::AbstractButtonContainer&>::~Callback()	0	static
../../Middlewares/ST/touchgfx/framework/include/touchgfx/Callback.hpp:218:8:touchgfx::Callback<Freeze_Frame_DataView, touchgfx::DrawableListItemsInterface*, short int, short int>::~Callback()	0	static
C:/ESP-IDF/Gateway_updates/UART_Display_3/TouchGFX/gui/src/freeze_frame_data_screen/Freeze_Frame_DataView.cpp:22:6:virtual void Freeze_Frame_DataView::tearDownScreen()	0	static
../../Middlewares/ST/touchgfx/framework/include/touchgfx/Callback.hpp:250:18:void touchgfx::Callback<dest_type, T1, T2, T3>::execute(T1, T2, T3) [with dest_type = Freeze_Frame_DataView; T1 = touchgfx::DrawableListItemsInterface*; T2 = short int; T3 = short int]	12	static
../../Middlewares/ST/touchgfx/framework/include/touchgfx/Callback.hpp:260:18:bool touchgfx::Callback<dest_type, T1, T2, T3>::isValid() const [with dest_type = Freeze_Frame_DataView; T1 = touchgfx::DrawableListItemsInterface*; T2 = short int; T3 = short int]	0	static
../../Middlewares/ST/touchgfx/framework/include/touchgfx/Callback.hpp:386:18:void touchgfx::Callback<dest_type, T1, void, void>::execute(T1) [with dest_type = Freeze_Frame_DataView; T1 = const touchgfx::AbstractButtonContainer&]	4	static
../../Middlewares/ST/touchgfx/framework/include/touchgfx/Callback.hpp:396:18:bool touchgfx::Callback<dest_type, T1, void, void>::isValid() const [with dest_type = Freeze_Frame_DataView; T1 = const touchgfx::AbstractButtonContainer&]	0	static
../../Middlewares/ST/touchgfx/framework/include/touchgfx/Callback.hpp:357:8:virtual touchgfx::Callback<Freeze_Frame_DataView, const touchgfx::AbstractButtonContainer&>::~Callback()	8	static
../../Middlewares/ST/touchgfx/framework/include/touchgfx/Callback.hpp:218:8:virtual touchgfx::Callback<Freeze_Frame_DataView, touchgfx::DrawableListItemsInterface*, short int, short int>::~Callback()	8	static
../../TouchGFX/gui/include/gui/freeze_frame_data_screen/Freeze_Frame_DataView.hpp:11:13:Freeze_Frame_DataView::~Freeze_Frame_DataView()	8	static
../../TouchGFX/gui/include/gui/freeze_frame_data_screen/Freeze_Frame_DataView.hpp:11:13:virtual Freeze_Frame_DataView::~Freeze_Frame_DataView()	8	static
C:/ESP-IDF/Gateway_updates/UART_Display_3/TouchGFX/gui/src/freeze_frame_data_screen/Freeze_Frame_DataView.cpp:67:6:void Freeze_Frame_DataView::Button_Press_CB(const touchgfx::AbstractButtonContainer&)	8	static
C:/ESP-IDF/Gateway_updates/UART_Display_3/TouchGFX/gui/src/freeze_frame_data_screen/Freeze_Frame_DataView.cpp:7:1:Freeze_Frame_DataView::Freeze_Frame_DataView()	16	static
C:/ESP-IDF/Gateway_updates/UART_Display_3/TouchGFX/gui/src/freeze_frame_data_screen/Freeze_Frame_DataView.cpp:60:6:void Freeze_Frame_DataView::Update_List(int, int)	16	static
C:/ESP-IDF/Gateway_updates/UART_Display_3/TouchGFX/gui/src/freeze_frame_data_screen/Freeze_Frame_DataView.cpp:14:6:virtual void Freeze_Frame_DataView::setupScreen()	8	static
C:/ESP-IDF/Gateway_updates/UART_Display_3/TouchGFX/gui/src/freeze_frame_data_screen/Freeze_Frame_DataView.cpp:27:6:virtual void Freeze_Frame_DataView::handleTickEvent()	24	static
C:/ESP-IDF/Gateway_updates/UART_Display_3/TouchGFX/gui/src/freeze_frame_data_screen/Freeze_Frame_DataView.cpp:76:6:void Freeze_Frame_DataView::Update_Item_CB(touchgfx::DrawableListItemsInterface*, int16_t, int16_t)	24	static
C:/ESP-IDF/Gateway_updates/UART_Display_3/TouchGFX/gui/src/freeze_frame_data_screen/Freeze_Frame_DataView.cpp:50:6:void Freeze_Frame_DataView::set_List_Num_Items(int)	16	static
