../../TouchGFX/gui/include/gui/model/ModelListener.hpp:17:18:virtual void ModelListener::set_dtcs(char**, int)	0	static
../../TouchGFX/gui/include/gui/model/ModelListener.hpp:19:18:virtual void ModelListener::set_Data(int, uint8_t*, uint8_t (*)[4], int)	0	static
../../TouchGFX/gui/include/gui/home_screen_screen/Home_ScreenPresenter.hpp:28:13:Home_ScreenPresenter::~Home_ScreenPresenter()	0	static
C:/ESP-IDF/Gateway_updates/UART_Display_3/TouchGFX/gui/src/home_screen_screen/Home_ScreenPresenter.cpp:10:6:virtual void Home_ScreenPresenter::activate()	0	static
../../TouchGFX/gui/include/gui/home_screen_screen/Home_ScreenPresenter.hpp:28:13:virtual Home_ScreenPresenter::~Home_ScreenPresenter()	8	static
../../TouchGFX/gui/include/gui/home_screen_screen/Home_ScreenPresenter.hpp:28:13:virtual void* Home_ScreenPresenter::_ZThn4_N20Home_ScreenPresenterD1Ev()	0	static
../../TouchGFX/gui/include/gui/home_screen_screen/Home_ScreenPresenter.hpp:28:13:virtual void* Home_ScreenPresenter::_ZThn4_N20Home_ScreenPresenterD0Ev()	8	static
C:/ESP-IDF/Gateway_updates/UART_Display_3/TouchGFX/gui/src/home_screen_screen/Home_ScreenPresenter.cpp:4:1:Home_ScreenPresenter::Home_ScreenPresenter(Home_ScreenView&)	4	static
