../../TouchGFX/gui/include/gui/model/ModelListener.hpp:17:18:virtual void ModelListener::set_dtcs(char**, int)	0	static
../../TouchGFX/gui/include/gui/read_live_data_screen_screen/Read_Live_Data_ScreenPresenter.hpp:31:13:Read_Live_Data_ScreenPresenter::~Read_Live_Data_ScreenPresenter()	0	static
../../TouchGFX/gui/include/gui/read_live_data_screen_screen/Read_Live_Data_ScreenPresenter.hpp:31:13:virtual Read_Live_Data_ScreenPresenter::~Read_Live_Data_ScreenPresenter()	8	static
C:/ESP-IDF/Gateway_updates/UART_Display_3/TouchGFX/gui/src/read_live_data_screen_screen/Read_Live_Data_ScreenPresenter.cpp:49:6:virtual void Read_Live_Data_ScreenPresenter::deactivate()	0	static
../../Core/Inc/PIDs_Library.hpp:215:14:char* decode_ThrottlePosition(const uint8_t*)	24	static
../../Core/Inc/PIDs_Library.hpp:152:14:char* decode_intakeAirTemp(const uint8_t*)	24	static
../../Core/Inc/PIDs_Library.hpp:141:14:char* decode_TimeingAdvance(const uint8_t*)	24	static
../../Core/Inc/PIDs_Library.hpp:130:14:char* decode_VechicleSpeed(const uint8_t*)	24	static
../../Core/Inc/PIDs_Library.hpp:119:14:char* decode_EngineSpeed(const uint8_t*)	24	static
../../Core/Inc/PIDs_Library.hpp:108:14:char* decode_ManifoldABSPressure(const uint8_t*)	24	static
../../Core/Inc/PIDs_Library.hpp:98:14:char* decode_FuelPressure(const uint8_t*)	24	static
../../Core/Inc/PIDs_Library.hpp:88:14:char* decode_EngineTemp(const uint8_t*)	24	static
../../Core/Inc/PIDs_Library.hpp:205:14:char* decode_EngineLoad(const uint8_t*)	24	static
../../Core/Inc/PIDs_Library.hpp:75:14:char* bit_Map_Request(const uint8_t*)	16	static
../../Core/Inc/PIDs_Library.hpp:63:14:char* bit_Mask_Request(const uint8_t*)	16	static
../../Core/Inc/PIDs_Library.hpp:193:14:char* decode_PercentDualBanks(const uint8_t*)	24	static
C:/ESP-IDF/Gateway_updates/UART_Display_3/TouchGFX/gui/src/read_live_data_screen_screen/Read_Live_Data_ScreenPresenter.cpp:40:6:virtual void Read_Live_Data_ScreenPresenter::activate()	8	static
../../TouchGFX/gui/include/gui/read_live_data_screen_screen/Read_Live_Data_ScreenPresenter.hpp:31:13:virtual void* Read_Live_Data_ScreenPresenter::_ZThn4_N30Read_Live_Data_ScreenPresenterD1Ev()	0	static
../../TouchGFX/gui/include/gui/read_live_data_screen_screen/Read_Live_Data_ScreenPresenter.hpp:31:13:virtual void* Read_Live_Data_ScreenPresenter::_ZThn4_N30Read_Live_Data_ScreenPresenterD0Ev()	8	static
C:/ESP-IDF/Gateway_updates/UART_Display_3/TouchGFX/gui/src/read_live_data_screen_screen/Read_Live_Data_ScreenPresenter.cpp:34:1:Read_Live_Data_ScreenPresenter::Read_Live_Data_ScreenPresenter(Read_Live_Data_ScreenView&)	4	static
C:/ESP-IDF/Gateway_updates/UART_Display_3/TouchGFX/gui/src/read_live_data_screen_screen/Read_Live_Data_ScreenPresenter.cpp:55:20:const char* const Read_Live_Data_ScreenPresenter::get_data_title(int)	0	static
C:/ESP-IDF/Gateway_updates/UART_Display_3/TouchGFX/gui/src/read_live_data_screen_screen/Read_Live_Data_ScreenPresenter.cpp:59:20:const char* const Read_Live_Data_ScreenPresenter::get_data_unit(int)	0	static
C:/ESP-IDF/Gateway_updates/UART_Display_3/TouchGFX/gui/src/read_live_data_screen_screen/Read_Live_Data_ScreenPresenter.cpp:63:9:uint8_t Read_Live_Data_ScreenPresenter::get_PIDCode(int)	0	static
C:/ESP-IDF/Gateway_updates/UART_Display_3/TouchGFX/gui/src/read_live_data_screen_screen/Read_Live_Data_ScreenPresenter.cpp:67:13:const char* Read_Live_Data_ScreenPresenter::get_Value(int)	0	static
C:/ESP-IDF/Gateway_updates/UART_Display_3/TouchGFX/gui/src/read_live_data_screen_screen/Read_Live_Data_ScreenPresenter.cpp:72:6:bool Read_Live_Data_ScreenPresenter::get_isLIVE()	0	static
C:/ESP-IDF/Gateway_updates/UART_Display_3/TouchGFX/gui/src/read_live_data_screen_screen/Read_Live_Data_ScreenPresenter.cpp:100:6:void Read_Live_Data_ScreenPresenter::set_Service(uart_comms_t, uint8_t)	0	static
C:/ESP-IDF/Gateway_updates/UART_Display_3/TouchGFX/gui/src/read_live_data_screen_screen/Read_Live_Data_ScreenPresenter.cpp:105:6:void Read_Live_Data_ScreenPresenter::PID_List_init(uint8_t (*)[4])	32	static
C:/ESP-IDF/Gateway_updates/UART_Display_3/TouchGFX/gui/src/read_live_data_screen_screen/Read_Live_Data_ScreenPresenter.cpp:77:6:virtual void Read_Live_Data_ScreenPresenter::set_Data(int, uint8_t*, uint8_t (*)[4], int)	32	static
../../TouchGFX/gui/include/gui/read_live_data_screen_screen/Read_Live_Data_ScreenPresenter.hpp:40:10:virtual void Read_Live_Data_ScreenPresenter::_ZThn4_N30Read_Live_Data_ScreenPresenter8set_DataEiPhPA4_hi(int, uint8_t*, uint8_t (*)[4], int)	32	static
