../../Middlewares/ST/touchgfx/framework/include/touchgfx/Screen.hpp:104:18:virtual void touchgfx::Screen::afterTransition()	0	static
../../Middlewares/ST/touchgfx/framework/include/touchgfx/Screen.hpp:154:18:virtual void touchgfx::Screen::handleKeyEvent(uint8_t)	0	static
../../TouchGFX/generated/gui_generated/include/gui_generated/tc_screen_screen/TC_ScreenViewBase.hpp:26:18:virtual void TC_ScreenViewBase::DTCS_UpdateItem(rowItem_dtcs&, int16_t)	0	static
../../Middlewares/ST/touchgfx/framework/include/touchgfx/Callback.hpp:357:8:touchgfx::Callback<TC_ScreenView, const touchgfx::AbstractButtonContainer&>::~Callback()	0	static
../../Middlewares/ST/touchgfx/framework/include/touchgfx/Callback.hpp:218:8:touchgfx::Callback<TC_ScreenView, touchgfx::DrawableListItemsInterface*, short int, short int>::~Callback()	0	static
../../Middlewares/ST/touchgfx/framework/include/touchgfx/Callback.hpp:250:18:void touchgfx::Callback<dest_type, T1, T2, T3>::execute(T1, T2, T3) [with dest_type = TC_ScreenView; T1 = touchgfx::DrawableListItemsInterface*; T2 = short int; T3 = short int]	12	static
../../Middlewares/ST/touchgfx/framework/include/touchgfx/Callback.hpp:260:18:bool touchgfx::Callback<dest_type, T1, T2, T3>::isValid() const [with dest_type = TC_ScreenView; T1 = touchgfx::DrawableListItemsInterface*; T2 = short int; T3 = short int]	0	static
../../Middlewares/ST/touchgfx/framework/include/touchgfx/Callback.hpp:386:18:void touchgfx::Callback<dest_type, T1, void, void>::execute(T1) [with dest_type = TC_ScreenView; T1 = const touchgfx::AbstractButtonContainer&]	4	static
../../Middlewares/ST/touchgfx/framework/include/touchgfx/Callback.hpp:396:18:bool touchgfx::Callback<dest_type, T1, void, void>::isValid() const [with dest_type = TC_ScreenView; T1 = const touchgfx::AbstractButtonContainer&]	0	static
../../Middlewares/ST/touchgfx/framework/include/touchgfx/Callback.hpp:357:8:virtual touchgfx::Callback<TC_ScreenView, const touchgfx::AbstractButtonContainer&>::~Callback()	8	static
../../Middlewares/ST/touchgfx/framework/include/touchgfx/Callback.hpp:218:8:virtual touchgfx::Callback<TC_ScreenView, touchgfx::DrawableListItemsInterface*, short int, short int>::~Callback()	8	static
../../TouchGFX/gui/include/gui/tc_screen_screen/TC_ScreenView.hpp:26:13:TC_ScreenView::~TC_ScreenView()	8	static
../../TouchGFX/gui/include/gui/tc_screen_screen/TC_ScreenView.hpp:26:13:virtual TC_ScreenView::~TC_ScreenView()	8	static
C:/ESP-IDF/Gatway_updates/UART_Display_3/TouchGFX/gui/src/tc_screen_screen/TC_ScreenView.cpp:179:6:void TC_ScreenView::Update_Item_CB(touchgfx::DrawableListItemsInterface*, int16_t, int16_t)	32	static
C:/ESP-IDF/Gatway_updates/UART_Display_3/TouchGFX/gui/src/tc_screen_screen/TC_ScreenView.cpp:29:1:TC_ScreenView::TC_ScreenView()	8	static
C:/ESP-IDF/Gatway_updates/UART_Display_3/TouchGFX/gui/src/tc_screen_screen/TC_ScreenView.cpp:35:13:const char* TC_ScreenView::DTC_Desc_Grab(char*)	8	static
C:/ESP-IDF/Gatway_updates/UART_Display_3/TouchGFX/gui/src/tc_screen_screen/TC_ScreenView.cpp:50:6:void TC_ScreenView::Select_Phase_Set()	16	static
C:/ESP-IDF/Gatway_updates/UART_Display_3/TouchGFX/gui/src/tc_screen_screen/TC_ScreenView.cpp:131:6:void TC_ScreenView::DTCs_Loaded()	8	static
C:/ESP-IDF/Gatway_updates/UART_Display_3/TouchGFX/gui/src/tc_screen_screen/TC_ScreenView.cpp:125:6:virtual void TC_ScreenView::tearDownScreen()	16	static
C:/ESP-IDF/Gatway_updates/UART_Display_3/TouchGFX/gui/src/tc_screen_screen/TC_ScreenView.cpp:136:6:void TC_ScreenView::onMyButtonPressed(const touchgfx::AbstractButtonContainer&)	32	static
C:/ESP-IDF/Gatway_updates/UART_Display_3/TouchGFX/gui/src/tc_screen_screen/TC_ScreenView.cpp:97:6:virtual void TC_ScreenView::handleTickEvent()	24	static
C:/ESP-IDF/Gatway_updates/UART_Display_3/TouchGFX/gui/src/tc_screen_screen/TC_ScreenView.cpp:82:6:virtual void TC_ScreenView::setupScreen()	16	static
