C:/ESP-IDF/Gateway_updates/UART_Display_3/Core/Src/main.c:116:5:main	5
C:/ESP-IDF/Gateway_updates/UART_Display_3/Core/Src/main.c:221:6:SystemClock_Config	4
C:/ESP-IDF/Gateway_updates/UART_Display_3/Core/Src/main.c:280:13:MX_CRC_Init	2
C:/ESP-IDF/Gateway_updates/UART_Display_3/Core/Src/main.c:311:13:MX_DMA2D_Init	3
C:/ESP-IDF/Gateway_updates/UART_Display_3/Core/Src/main.c:351:13:MX_JPEG_Init	2
C:/ESP-IDF/Gateway_updates/UART_Display_3/Core/Src/main.c:377:13:MX_LTDC_Init	3
C:/ESP-IDF/Gateway_updates/UART_Display_3/Core/Src/main.c:439:13:MX_QUADSPI_Init	4
C:/ESP-IDF/Gateway_updates/UART_Display_3/Core/Src/main.c:484:13:MX_USART1_UART_Init	5
C:/ESP-IDF/Gateway_updates/UART_Display_3/Core/Src/main.c:530:13:MX_MDMA_Init	1
C:/ESP-IDF/Gateway_updates/UART_Display_3/Core/Src/main.c:545:13:MX_FMC_Init	3
C:/ESP-IDF/Gateway_updates/UART_Display_3/Core/Src/main.c:603:13:MX_GPIO_Init	1
C:/ESP-IDF/Gateway_updates/UART_Display_3/Core/Src/main.c:696:6:StartDefaultTask	1
C:/ESP-IDF/Gateway_updates/UART_Display_3/Core/Src/main.c:709:6:MPU_Config	1
C:/ESP-IDF/Gateway_updates/UART_Display_3/Core/Src/main.c:787:6:HAL_TIM_PeriodElapsedCallback	2
C:/ESP-IDF/Gateway_updates/UART_Display_3/Core/Src/main.c:805:6:Error_Handler	1
