C:/ESP-IDF/Gatway_updates/UART_Display_3/Core/Src/stm32h7xx_hal_msp.c:67:6:HAL_MspInit	16	static
C:/ESP-IDF/Gatway_updates/UART_Display_3/Core/Src/stm32h7xx_hal_msp.c:91:6:HAL_CRC_MspInit	24	static
C:/ESP-IDF/Gatway_updates/UART_Display_3/Core/Src/stm32h7xx_hal_msp.c:114:6:HAL_CRC_MspDeInit	16	static
C:/ESP-IDF/Gatway_updates/UART_Display_3/Core/Src/stm32h7xx_hal_msp.c:136:6:HAL_DMA2D_MspInit	24	static
C:/ESP-IDF/Gatway_updates/UART_Display_3/Core/Src/stm32h7xx_hal_msp.c:162:6:HAL_DMA2D_MspDeInit	16	static
C:/ESP-IDF/Gatway_updates/UART_Display_3/Core/Src/stm32h7xx_hal_msp.c:187:6:HAL_JPEG_MspInit	24	static
C:/ESP-IDF/Gatway_updates/UART_Display_3/Core/Src/stm32h7xx_hal_msp.c:272:6:HAL_JPEG_MspDeInit	16	static
C:/ESP-IDF/Gatway_updates/UART_Display_3/Core/Src/stm32h7xx_hal_msp.c:301:6:HAL_LTDC_MspInit	256	static
C:/ESP-IDF/Gatway_updates/UART_Display_3/Core/Src/stm32h7xx_hal_msp.c:414:6:HAL_LTDC_MspDeInit	16	static
C:/ESP-IDF/Gatway_updates/UART_Display_3/Core/Src/stm32h7xx_hal_msp.c:482:6:HAL_QSPI_MspInit	256	static
C:/ESP-IDF/Gatway_updates/UART_Display_3/Core/Src/stm32h7xx_hal_msp.c:576:6:HAL_QSPI_MspDeInit	16	static
C:/ESP-IDF/Gatway_updates/UART_Display_3/Core/Src/stm32h7xx_hal_msp.c:619:6:HAL_UART_MspInit	240	static
C:/ESP-IDF/Gatway_updates/UART_Display_3/Core/Src/stm32h7xx_hal_msp.c:670:6:HAL_UART_MspDeInit	16	static
C:/ESP-IDF/Gatway_updates/UART_Display_3/Core/Src/stm32h7xx_hal_msp.c:697:13:HAL_FMC_MspInit	232	static
C:/ESP-IDF/Gatway_updates/UART_Display_3/Core/Src/stm32h7xx_hal_msp.c:806:6:HAL_SDRAM_MspInit	16	static
C:/ESP-IDF/Gatway_updates/UART_Display_3/Core/Src/stm32h7xx_hal_msp.c:818:13:HAL_FMC_MspDeInit	8	static
C:/ESP-IDF/Gatway_updates/UART_Display_3/Core/Src/stm32h7xx_hal_msp.c:890:6:HAL_SDRAM_MspDeInit	16	static
