../Application/User/USART.c:84:23:uart_byte_setup	16	static
../Application/User/USART.c:91:20:is_valid_frame	16	static
../Application/User/USART.c:95:20:Sum_Check	24	static
../Application/User/USART.c:107:20:UART_Reset	8	static
../Application/User/USART.c:122:6:init_error_check	16	static
../Application/User/USART.c:129:7:freertos_realloc	32	static
../Application/User/USART.c:146:13:DTC_Decode	32	static
../Application/User/USART.c:178:12:Read_Codes	24	static
../Application/User/USART.c:215:13:get_PIDs	24	static
../Application/User/USART.c:266:13:get_Data_PID	32	static
../Application/User/USART.c:325:6:HAL_UART_TxCpltCallback	16	static
../Application/User/USART.c:331:6:HAL_UART_RxCpltCallback	16	static
../Application/User/USART.c:339:6:HAL_UART_ErrorCallback	24	static
../Application/User/USART.c:361:13:UART_CONTROl	24	static
../Application/User/USART.c:441:13:UART_TX	24	static
../Application/User/USART.c:505:13:UART_RX	24	static
../Application/User/USART.c:583:6:UART_Set_Service	24	static
../Application/User/USART.c:603:6:UART_INIT	8	static
