../Application/User/USART.c:83:23:uart_byte_setup	16	static
../Application/User/USART.c:90:20:is_valid_frame	16	static
../Application/User/USART.c:94:20:Sum_Check	24	static
../Application/User/USART.c:106:20:UART_Reset	8	static
../Application/User/USART.c:118:6:init_error_check	16	static
../Application/User/USART.c:125:7:freertos_realloc	32	static
../Application/User/USART.c:142:13:DTC_Decode	32	static
../Application/User/USART.c:174:12:Read_Codes	24	static
../Application/User/USART.c:202:13:get_PIDs	24	static
../Application/User/USART.c:246:13:get_Data_PID	24	static
../Application/User/USART.c:288:6:HAL_UART_TxCpltCallback	16	static
../Application/User/USART.c:294:6:HAL_UART_RxCpltCallback	16	static
../Application/User/USART.c:302:6:HAL_UART_ErrorCallback	24	static
../Application/User/USART.c:324:13:UART_CONTROl	24	static
../Application/User/USART.c:377:13:UART_TX	24	static
../Application/User/USART.c:436:13:UART_RX	24	static
../Application/User/USART.c:506:6:UART_Set_Service	32	static
../Application/User/USART.c:528:6:UART_INIT	8	static
