../Application/User/USART.c:87:20:Sum_Check	24	static
../Application/User/USART.c:99:20:UART_Reset	8	static
../Application/User/USART.c:114:6:init_error_check	16	static
../Application/User/USART.c:120:20:ptrFree	16	static
../Application/User/USART.c:129:7:freertos_realloc	32	static
../Application/User/USART.c:146:13:DTC_Decode	24	static
../Application/User/USART.c:244:13:Read_Codes	32	static
../Application/User/USART.c:334:13:Get_PID_BitMask	24	static
../Application/User/USART.c:403:13:get_Data_PID	24	static
../Application/User/USART.c:474:6:HAL_UART_TxCpltCallback	16	static
../Application/User/USART.c:480:6:HAL_UART_RxCpltCallback	16	static
../Application/User/USART.c:488:6:HAL_UART_ErrorCallback	24	static
../Application/User/USART.c:516:6:UART_Set_Service	24	static
../Application/User/USART.c:533:13:UART_CONTROl	24	static
../Application/User/USART.c:613:13:UART_TX	24	static
../Application/User/USART.c:676:13:UART_RX	24	static
../Application/User/USART.c:751:6:UART_INIT	8	static
