../Application/User/USART.c:87:20:UART_Reset	8	static
../Application/User/USART.c:102:6:init_error_check	16	static
../Application/User/USART.c:108:20:ptrFree	16	static
../Application/User/USART.c:117:7:freertos_realloc	32	static
../Application/User/USART.c:134:13:DTC_Decode	24	static
../Application/User/USART.c:213:13:Read_Codes	32	static
../Application/User/USART.c:303:13:Get_PID_BitMask	24	static
../Application/User/USART.c:398:13:get_Data_PID	24	static
../Application/User/USART.c:470:6:HAL_UART_TxCpltCallback	16	static
../Application/User/USART.c:476:6:HAL_UART_RxCpltCallback	16	static
../Application/User/USART.c:484:6:HAL_UART_ErrorCallback	24	static
../Application/User/USART.c:512:6:UART_Set_Service	24	static
../Application/User/USART.c:529:13:UART_CONTROl	24	static
../Application/User/USART.c:609:13:UART_TX	24	static
../Application/User/USART.c:674:13:UART_RX	24	static
../Application/User/USART.c:749:6:UART_INIT	8	static
