Screen.hpp:104:18:virtual void touchgfx::Screen::afterTransition()	0	static
Screen.hpp:144:18:virtual void touchgfx::Screen::handleTickEvent()	0	static
Screen.hpp:154:18:virtual void touchgfx::Screen::handleKeyEvent(uint8_t)	0	static
TC_ScreenView.cpp:13:6:virtual void TC_ScreenView::tearDownScreen()	0	static
TC_ScreenView.hpp:11:13:TC_ScreenView::~TC_ScreenView()	8	static
TC_ScreenView.hpp:11:13:virtual TC_ScreenView::~TC_ScreenView()	8	static
TC_ScreenView.cpp:3:1:TC_ScreenView::TC_ScreenView()	8	static
TC_ScreenView.cpp:8:6:virtual void TC_ScreenView::setupScreen()	0	static
