TC_ScreenPresenter.hpp:28:13:TC_ScreenPresenter::~TC_ScreenPresenter()	0	static
TC_ScreenPresenter.cpp:15:6:virtual void TC_ScreenPresenter::deactivate()	0	static
TC_ScreenPresenter.hpp:28:13:virtual TC_ScreenPresenter::~TC_ScreenPresenter()	8	static
TC_ScreenPresenter.cpp:10:6:virtual void TC_ScreenPresenter::activate()	0	static
TC_ScreenPresenter.cpp:24:6:virtual void TC_ScreenPresenter::updateTextBox(const char*)	0	static
TC_ScreenPresenter.hpp:28:13:virtual void* TC_ScreenPresenter::_ZThn4_N18TC_ScreenPresenterD1Ev()	0	static
TC_ScreenPresenter.cpp:4:1:TC_ScreenPresenter::TC_ScreenPresenter(TC_ScreenView&)	8	static
TC_ScreenPresenter.cpp:20:6:void TC_ScreenPresenter::reset_TC()	0	static
