Screen.hpp:104:18:virtual void touchgfx::Screen::afterTransition()	0	static
Screen.hpp:154:18:virtual void touchgfx::Screen::handleKeyEvent(uint8_t)	0	static
Home_ScreenView.cpp:16:6:virtual void Home_ScreenView::tearDownScreen()	0	static
Callback.hpp:357:8:touchgfx::Callback<Home_ScreenView, const touchgfx::AbstractButtonContainer&>::~Callback()	0	static
Callback.hpp:386:18:void touchgfx::Callback<dest_type, T1, void, void>::execute(T1) [with dest_type = Home_ScreenView; T1 = const touchgfx::AbstractButtonContainer&]	8	static
Callback.hpp:396:18:bool touchgfx::Callback<dest_type, T1, void, void>::isValid() const [with dest_type = Home_ScreenView; T1 = const touchgfx::AbstractButtonContainer&]	0	static
Callback.hpp:357:8:virtual touchgfx::Callback<Home_ScreenView, const touchgfx::AbstractButtonContainer&>::~Callback()	8	static
Home_ScreenView.hpp:12:13:Home_ScreenView::~Home_ScreenView()	8	static
Home_ScreenView.hpp:12:13:virtual Home_ScreenView::~Home_ScreenView()	8	static
Home_ScreenView.cpp:5:1:Home_ScreenView::Home_ScreenView()	8	static
Home_ScreenView.cpp:9:6:virtual void Home_ScreenView::setupScreen()	8	static
Home_ScreenView.cpp:21:6:virtual void Home_ScreenView::handleTickEvent()	8	static
Home_ScreenView.cpp:32:6:void Home_ScreenView::read_tc_button_pressed(const touchgfx::AbstractButtonContainer&)	16	static
