C:/ESP-IDF/Gateway_updates/UART_Display_3/Utilities/JPEG/jpeg_utils.c:417:17:JPEG_ARGB_MCU_YCbCr420_ConvertBlocks	96	static
C:/ESP-IDF/Gateway_updates/UART_Display_3/Utilities/JPEG/jpeg_utils.c:562:17:JPEG_ARGB_MCU_YCbCr422_ConvertBlocks	96	static
C:/ESP-IDF/Gateway_updates/UART_Display_3/Utilities/JPEG/jpeg_utils.c:675:17:JPEG_ARGB_MCU_YCbCr444_ConvertBlocks	96	static
C:/ESP-IDF/Gateway_updates/UART_Display_3/Utilities/JPEG/jpeg_utils.c:766:17:JPEG_ARGB_MCU_Gray_ConvertBlocks	88	static
C:/ESP-IDF/Gateway_updates/UART_Display_3/Utilities/JPEG/jpeg_utils.c:854:17:JPEG_ARGB_MCU_YCCK_ConvertBlocks	88	static
C:/ESP-IDF/Gateway_updates/UART_Display_3/Utilities/JPEG/jpeg_utils.c:944:19:JPEG_GetEncodeColorConvertFunc	32	static
C:/ESP-IDF/Gateway_updates/UART_Display_3/Utilities/JPEG/jpeg_utils.c:1099:17:JPEG_MCU_YCbCr420_ARGB_ConvertBlocks	96	static
C:/ESP-IDF/Gateway_updates/UART_Display_3/Utilities/JPEG/jpeg_utils.c:1283:17:JPEG_MCU_YCbCr422_ARGB_ConvertBlocks	96	static
C:/ESP-IDF/Gateway_updates/UART_Display_3/Utilities/JPEG/jpeg_utils.c:1414:17:JPEG_MCU_YCbCr444_ARGB_ConvertBlocks	88	static
C:/ESP-IDF/Gateway_updates/UART_Display_3/Utilities/JPEG/jpeg_utils.c:1519:17:JPEG_MCU_Gray_ARGB_ConvertBlocks	64	static
C:/ESP-IDF/Gateway_updates/UART_Display_3/Utilities/JPEG/jpeg_utils.c:1596:17:JPEG_MCU_YCCK_ARGB_ConvertBlocks	80	static
C:/ESP-IDF/Gateway_updates/UART_Display_3/Utilities/JPEG/jpeg_utils.c:1689:19:JPEG_GetDecodeColorConvertFunc	32	static
C:/ESP-IDF/Gateway_updates/UART_Display_3/Utilities/JPEG/jpeg_utils.c:1797:6:JPEG_InitPostProcColorTables	16	static
C:/ESP-IDF/Gateway_updates/UART_Display_3/Utilities/JPEG/jpeg_utils.c:1819:6:JPEG_InitColorTables	8	static
C:/ESP-IDF/Gateway_updates/UART_Display_3/Utilities/JPEG/jpeg_utils.c:1839:6:JPEG_InitPreProcColorTables	16	static
C:/ESP-IDF/Gateway_updates/UART_Display_3/Utilities/JPEG/jpeg_utils.c:1865:6:JPEG_Init_MCU_LUT	24	static
C:/ESP-IDF/Gateway_updates/UART_Display_3/Utilities/JPEG/jpeg_utils.c:1920:17:JPEG_Set_K_Blocks	32	static
