Drawable.hpp:121:18:virtual void touchgfx::Drawable::invalidateContent() const	0	static
Drawable.hpp:147:23:virtual touchgfx::Drawable* touchgfx::Drawable::getFirstChild()	0	static
Drawable.hpp:315:18:virtual void touchgfx::Drawable::setX(int16_t)	0	static
Drawable.hpp:327:18:virtual void touchgfx::Drawable::setY(int16_t)	0	static
Drawable.hpp:356:18:virtual void touchgfx::Drawable::setWidth(int16_t)	0	static
Drawable.hpp:368:18:virtual void touchgfx::Drawable::setHeight(int16_t)	0	static
Drawable.hpp:378:18:virtual void touchgfx::Drawable::childGeometryChanged()	0	static
Drawable.hpp:389:18:virtual void touchgfx::Drawable::handleClickEvent(const touchgfx::ClickEvent&)	0	static
Drawable.hpp:401:18:virtual void touchgfx::Drawable::handleGestureEvent(const touchgfx::GestureEvent&)	0	static
Drawable.hpp:490:18:virtual void touchgfx::Drawable::handleDragEvent(const touchgfx::DragEvent&)	0	static
Drawable.hpp:501:18:virtual void touchgfx::Drawable::handleTickEvent()	0	static
Drawable.hpp:588:18:virtual void touchgfx::Drawable::moveTo(int16_t, int16_t)	4	static
Drawable.hpp:703:18:virtual void touchgfx::Drawable::setupDrawChain(const touchgfx::Rect&, touchgfx::Drawable**)	0	static
Widget.hpp:45:18:virtual void touchgfx::Widget::getLastChild(int16_t, int16_t, touchgfx::Drawable**)	0	static
Screen.hpp:93:18:virtual void touchgfx::Screen::setupScreen()	0	static
Screen.hpp:104:18:virtual void touchgfx::Screen::afterTransition()	0	static
Screen.hpp:115:18:virtual void touchgfx::Screen::tearDownScreen()	0	static
Screen.hpp:144:18:virtual void touchgfx::Screen::handleTickEvent()	0	static
Screen.hpp:154:18:virtual void touchgfx::Screen::handleKeyEvent(uint8_t)	0	static
Read_Live_Data_ScreenViewBase.hpp:22:18:virtual void Read_Live_Data_ScreenViewBase::scrollList1UpdateItem(rowItem&, int16_t)	0	static
View.hpp:36:7:touchgfx::View<Read_Live_Data_ScreenPresenter>::~View()	0	static
DrawableList.hpp:101:21:int16_t touchgfx::DrawableListItems<TYPE, SIZE>::getNumberOfDrawables() [with TYPE = rowItem; int SIZE = 7]	0	static
Callback.hpp:218:8:touchgfx::Callback<Read_Live_Data_ScreenViewBase, touchgfx::DrawableListItemsInterface*, short int, short int>::~Callback()	0	static
DrawableList.hpp:79:7:touchgfx::DrawableListItems<rowItem, 7>::~DrawableListItems()	16	static
Read_Live_Data_ScreenViewBase.cpp:39:1:Read_Live_Data_ScreenViewBase::~Read_Live_Data_ScreenViewBase()	8	static
Callback.hpp:250:18:void touchgfx::Callback<dest_type, T1, T2, T3>::execute(T1, T2, T3) [with dest_type = Read_Live_Data_ScreenViewBase; T1 = touchgfx::DrawableListItemsInterface*; T2 = short int; T3 = short int]	16	static
Callback.hpp:260:18:bool touchgfx::Callback<dest_type, T1, T2, T3>::isValid() const [with dest_type = Read_Live_Data_ScreenViewBase; T1 = touchgfx::DrawableListItemsInterface*; T2 = short int; T3 = short int]	0	static
View.hpp:36:7:virtual touchgfx::View<Read_Live_Data_ScreenPresenter>::~View()	8	static
DrawableList.hpp:79:7:virtual touchgfx::DrawableListItems<rowItem, 7>::~DrawableListItems()	8	static
Callback.hpp:218:8:virtual touchgfx::Callback<Read_Live_Data_ScreenViewBase, touchgfx::DrawableListItemsInterface*, short int, short int>::~Callback()	8	static
Read_Live_Data_ScreenViewBase.cpp:39:1:virtual Read_Live_Data_ScreenViewBase::~Read_Live_Data_ScreenViewBase()	8	static
DrawableList.hpp:82:23:touchgfx::Drawable* touchgfx::DrawableListItems<TYPE, SIZE>::getDrawable(int16_t) [with TYPE = rowItem; int SIZE = 7]	8	static
Read_Live_Data_ScreenViewBase.cpp:53:6:void Read_Live_Data_ScreenViewBase::updateItemCallbackHandler(touchgfx::DrawableListItemsInterface*, int16_t, int16_t)	16	static
Read_Live_Data_ScreenViewBase.cpp:44:6:virtual void Read_Live_Data_ScreenViewBase::setupScreen()	16	static
Drawable.hpp:233:10:void touchgfx::Drawable::setPosition(int16_t, int16_t, int16_t, int16_t)	24	static
Box.hpp:33:5:touchgfx::Box::Box()	0	static
Read_Live_Data_ScreenViewBase.cpp:8:1:Read_Live_Data_ScreenViewBase::Read_Live_Data_ScreenViewBase()	64	static
