Application.hpp:72:18:virtual void touchgfx::Application::changeToStartScreen()	0	static
Application.hpp:91:18:virtual void touchgfx::Application::appSwitchScreen(uint8_t)	0	static
Application.hpp:104:18:virtual void touchgfx::Application::requestRedraw(touchgfx::Rect&)	0	static
Transition.hpp:72:18:virtual void touchgfx::Transition::tearDown()	0	static
Transition.hpp:80:18:virtual void touchgfx::Transition::init()	0	static
Transition.hpp:100:18:virtual void touchgfx::Transition::setScreenContainer(touchgfx::Container&)	0	static
MVPApplication.hpp:43:7:touchgfx::MVPApplication::~MVPApplication()	0	static
FrontendApplicationBase.hpp:16:13:FrontendApplicationBase::~FrontendApplicationBase()	0	static
FrontendApplicationBase.hpp:18:18:virtual void FrontendApplicationBase::changeToStartScreen()	0	static
NoTransition.hpp:35:18:virtual void touchgfx::NoTransition::handleTickEvent()	0	static
WipeTransition.hpp:37:7:touchgfx::WipeTransition<(touchgfx::Direction)2>::~WipeTransition()	0	static
NoTransition.hpp:31:7:touchgfx::NoTransition::~NoTransition()	0	static
Callback.hpp:424:8:touchgfx::Callback<FrontendApplicationBase>::~Callback()	0	static
WipeTransition.hpp:144:18:void touchgfx::WipeTransition<templateDirection>::init() [with touchgfx::Direction templateDirection = (touchgfx::Direction)2]	0	static
Callback.hpp:449:18:void touchgfx::Callback<dest_type, void, void, void>::execute() [with dest_type = FrontendApplicationBase]	4	static
Callback.hpp:459:18:bool touchgfx::Callback<dest_type, void, void, void>::isValid() const [with dest_type = FrontendApplicationBase]	0	static
MVPApplication.hpp:43:7:virtual touchgfx::MVPApplication::~MVPApplication()	8	static
NoTransition.hpp:31:7:virtual touchgfx::NoTransition::~NoTransition()	8	static
WipeTransition.hpp:37:7:virtual touchgfx::WipeTransition<(touchgfx::Direction)2>::~WipeTransition()	8	static
FrontendApplicationBase.hpp:16:13:virtual FrontendApplicationBase::~FrontendApplicationBase()	8	static
Callback.hpp:424:8:virtual touchgfx::Callback<FrontendApplicationBase>::~Callback()	8	static
Transition.hpp:89:18:virtual void touchgfx::Transition::invalidate()	8	static
WipeTransition.hpp:149:18:void touchgfx::WipeTransition<templateDirection>::invalidate() [with touchgfx::Direction templateDirection = (touchgfx::Direction)2]	8	static
WipeTransition.hpp:69:18:void touchgfx::WipeTransition<templateDirection>::handleTickEvent() [with touchgfx::Direction templateDirection = (touchgfx::Direction)2]	16	static
MVPApplication.hpp:59:18:virtual void touchgfx::MVPApplication::handlePendingScreenTransition()	8	static
HAL.hpp:308:17:static touchgfx::LCD& touchgfx::HAL::lcd()	0	static
FrontendApplicationBase.cpp:21:1:FrontendApplicationBase::FrontendApplicationBase(Model&, FrontendHeap&)	24	static
FrontendApplicationBase.cpp:40:6:void FrontendApplicationBase::gotoHome_ScreenScreenNoTransition()	0	static
FrontendApplicationBase.cpp:51:6:void FrontendApplicationBase::gotoHome_ScreenScreenWipeTransitionEast()	0	static
FrontendApplicationBase.cpp:64:6:void FrontendApplicationBase::gotoTC_ScreenScreenWipeTransitionEast()	0	static
FrontendApplicationBase.cpp:77:6:void FrontendApplicationBase::gotoRead_Live_Data_ScreenScreenNoTransition()	0	static
MVPApplication.hpp:161:16:PresenterType* touchgfx::makeTransition(touchgfx::Screen**, touchgfx::Presenter**, touchgfx::MVPHeap&, touchgfx::Transition**, ModelType*) [with ScreenType = Home_ScreenView; PresenterType = Home_ScreenPresenter; TransType = touchgfx::NoTransition; ModelType = Model]	32	static
FrontendApplicationBase.cpp:46:6:void FrontendApplicationBase::gotoHome_ScreenScreenNoTransitionImpl()	16	static
MVPApplication.hpp:161:16:PresenterType* touchgfx::makeTransition(touchgfx::Screen**, touchgfx::Presenter**, touchgfx::MVPHeap&, touchgfx::Transition**, ModelType*) [with ScreenType = Home_ScreenView; PresenterType = Home_ScreenPresenter; TransType = touchgfx::WipeTransition<(touchgfx::Direction)2>; ModelType = Model]	32	static
FrontendApplicationBase.cpp:57:6:void FrontendApplicationBase::gotoHome_ScreenScreenWipeTransitionEastImpl()	16	static
MVPApplication.hpp:161:16:PresenterType* touchgfx::makeTransition(touchgfx::Screen**, touchgfx::Presenter**, touchgfx::MVPHeap&, touchgfx::Transition**, ModelType*) [with ScreenType = TC_ScreenView; PresenterType = TC_ScreenPresenter; TransType = touchgfx::WipeTransition<(touchgfx::Direction)2>; ModelType = Model]	32	static
FrontendApplicationBase.cpp:70:6:void FrontendApplicationBase::gotoTC_ScreenScreenWipeTransitionEastImpl()	16	static
MVPApplication.hpp:161:16:PresenterType* touchgfx::makeTransition(touchgfx::Screen**, touchgfx::Presenter**, touchgfx::MVPHeap&, touchgfx::Transition**, ModelType*) [with ScreenType = Read_Live_Data_ScreenView; PresenterType = Read_Live_Data_ScreenPresenter; TransType = touchgfx::NoTransition; ModelType = Model]	32	static
FrontendApplicationBase.cpp:83:6:void FrontendApplicationBase::gotoRead_Live_Data_ScreenScreenNoTransitionImpl()	16	static
