Font.hpp:200:30:virtual const touchgfx::GlyphNode* touchgfx::Font::getGlyph(touchgfx::Unicode::UnicodeChar) const	16	static
Font.hpp:219:34:virtual touchgfx::Unicode::UnicodeChar touchgfx::Font::getFallbackChar() const	0	static
Font.hpp:232:34:virtual touchgfx::Unicode::UnicodeChar touchgfx::Font::getEllipsisChar() const	0	static
Font.hpp:331:44:virtual uint16_t touchgfx::Font::getBaseline() const	0	static
Font.hpp:351:44:virtual uint16_t touchgfx::Font::getHeight() const	0	static
Font.hpp:382:43:virtual uint8_t touchgfx::Font::getBitsPerPixel() const	0	static
Font.hpp:392:43:virtual uint8_t touchgfx::Font::getByteAlignRow() const	0	static
Font.hpp:471:18:virtual bool touchgfx::Font::isVectorBasedFont() const	0	static
Font.hpp:481:19:virtual float touchgfx::Font::getScaleFactor() const	0	static
CachedFont.hpp:67:18:virtual void touchgfx::CachedFont::setGSUBTable(const uint16_t*)	0	static
CachedFont.hpp:81:18:virtual void touchgfx::CachedFont::setContextualFormsTable(const touchgfx::FontContextualFormsTable*)	0	static
CachedFont.cpp:50:8:virtual int8_t touchgfx::CachedFont::getKerning(touchgfx::Unicode::UnicodeChar, const touchgfx::GlyphNode*) const	0	static
CachedFont.hpp:12:7:touchgfx::CachedFont::~CachedFont()	0	static
CachedFont.cpp:19:18:virtual const touchgfx::GlyphNode* touchgfx::CachedFont::getGlyph(touchgfx::Unicode::UnicodeChar, const uint8_t*&, uint8_t&) const	24	static
CachedFont.hpp:12:7:virtual touchgfx::CachedFont::~CachedFont()	8	static
CachedFont.hpp:58:29:virtual const uint16_t* touchgfx::CachedFont::getGSUBTable() const	0	static
CachedFont.hpp:72:45:virtual const touchgfx::FontContextualFormsTable* touchgfx::CachedFont::getContextualFormsTable() const	0	static
CachedFont.cpp:8:16:virtual const uint8_t* touchgfx::CachedFont::getPixelData(const touchgfx::GlyphNode*) const	0	static
