SoftwareMJPEGDecoder.hpp:27:22:virtual uint32_t SoftwareMJPEGDecoder::getCurrentFrameNumber() const	0	static
SoftwareMJPEGDecoder.hpp:41:15:virtual MJPEGDecoder::AVIErrors SoftwareMJPEGDecoder::getLastError()	0	static
SoftwareMJPEGDecoder.cpp:203:6:virtual bool SoftwareMJPEGDecoder::hasVideo()	0	static
SoftwareMJPEGDecoder.cpp:510:10:virtual uint32_t SoftwareMJPEGDecoder::getNumberOfFrames()	0	static
SoftwareMJPEGDecoder.cpp:515:6:virtual void SoftwareMJPEGDecoder::getVideoInfo(touchgfx::VideoInformation*)	8	static
SoftwareMJPEGDecoder.hpp:6:7:SoftwareMJPEGDecoder::~SoftwareMJPEGDecoder()	0	static
SoftwareMJPEGDecoder.cpp:484:6:virtual bool SoftwareMJPEGDecoder::decodeThumbnail(uint32_t, uint8_t*, uint16_t, uint16_t)	8	static
SoftwareMJPEGDecoder.hpp:6:7:virtual SoftwareMJPEGDecoder::~SoftwareMJPEGDecoder()	8	static
SoftwareMJPEGDecoder.cpp:311:6:void SoftwareMJPEGDecoder::decodeMJPEGFrame(const uint8_t*, uint32_t, uint8_t*, uint16_t, uint16_t, uint32_t)	664	static
SoftwareMJPEGDecoder.cpp:22:1:SoftwareMJPEGDecoder::SoftwareMJPEGDecoder(uint8_t*)	0	static
SoftwareMJPEGDecoder.cpp:33:5:int SoftwareMJPEGDecoder::compare(uint32_t, const char*, uint32_t)	8	static
SoftwareMJPEGDecoder.cpp:48:17:uint32_t SoftwareMJPEGDecoder::getU32(uint32_t)	8	static
SoftwareMJPEGDecoder.cpp:63:17:uint32_t SoftwareMJPEGDecoder::getU16(uint32_t)	0	static
SoftwareMJPEGDecoder.cpp:78:16:const uint8_t* SoftwareMJPEGDecoder::readData(uint32_t, uint32_t)	16	static
SoftwareMJPEGDecoder.cpp:148:6:virtual bool SoftwareMJPEGDecoder::gotoNextFrame()	32	static
SoftwareMJPEGDecoder.cpp:384:6:virtual bool SoftwareMJPEGDecoder::decodeFrame(const touchgfx::Rect&, uint8_t*, uint32_t)	672	static
SoftwareMJPEGDecoder.cpp:490:6:virtual void SoftwareMJPEGDecoder::gotoFrame(uint32_t)	16	static
SoftwareMJPEGDecoder.cpp:208:6:void SoftwareMJPEGDecoder::readVideoHeader()	24	static
SoftwareMJPEGDecoder.cpp:185:6:virtual void SoftwareMJPEGDecoder::setVideoData(const uint8_t*, uint32_t)	0	static
SoftwareMJPEGDecoder.cpp:194:6:virtual void SoftwareMJPEGDecoder::setVideoData(touchgfx::VideoDataReader&)	8	static
SoftwareMJPEGDecoder.cpp:311:6:void SoftwareMJPEGDecoder::decodeMJPEGFrame(const uint8_t*, uint32_t, uint8_t*, uint16_t, uint16_t, uint32_t)	12	static
SoftwareMJPEGDecoder.cpp:101:6:virtual bool SoftwareMJPEGDecoder::decodeNextFrame(uint8_t*, uint16_t, uint16_t, uint32_t)	56	static
SoftwareMJPEGDecoder.cpp:529:12:size_t jpeg_read_file(FILE*, uint8_t*, uint32_t)	8	static
