ModelListener.hpp:15:18:virtual void ModelListener::updateTextBox(const char*)	0	static
Read_Live_Data_ScreenPresenter.hpp:28:13:Read_Live_Data_ScreenPresenter::~Read_Live_Data_ScreenPresenter()	0	static
Read_Live_Data_ScreenPresenter.cpp:10:6:virtual void Read_Live_Data_ScreenPresenter::activate()	0	static
Read_Live_Data_ScreenPresenter.hpp:28:13:virtual Read_Live_Data_ScreenPresenter::~Read_Live_Data_ScreenPresenter()	8	static
Read_Live_Data_ScreenPresenter.hpp:28:13:virtual void* Read_Live_Data_ScreenPresenter::_ZThn4_N30Read_Live_Data_ScreenPresenterD1Ev()	0	static
Read_Live_Data_ScreenPresenter.cpp:4:1:Read_Live_Data_ScreenPresenter::Read_Live_Data_ScreenPresenter(Read_Live_Data_ScreenView&)	8	static
