../../Middlewares/ST/touchgfx/framework/include/touchgfx/Application.hpp:91:18:virtual void touchgfx::Application::appSwitchScreen(uint8_t)	0	static
../../Middlewares/ST/touchgfx/framework/include/touchgfx/Application.hpp:104:18:virtual void touchgfx::Application::requestRedraw(touchgfx::Rect&)	0	static
../../Middlewares/ST/touchgfx/framework/include/touchgfx/hal/HAL.hpp:129:18:virtual void touchgfx::HAL::setDisplayOrientation(touchgfx::DisplayOrientation)	0	static
../../Middlewares/ST/touchgfx/framework/include/touchgfx/transitions/Transition.hpp:72:18:virtual void touchgfx::Transition::tearDown()	0	static
../../Middlewares/ST/touchgfx/framework/include/touchgfx/transitions/Transition.hpp:80:18:virtual void touchgfx::Transition::init()	0	static
../../Middlewares/ST/touchgfx/framework/include/touchgfx/transitions/Transition.hpp:100:18:virtual void touchgfx::Transition::setScreenContainer(touchgfx::Container&)	0	static
../../Middlewares/ST/touchgfx/framework/include/touchgfx/Callback.hpp:424:8:touchgfx::Callback<FrontendApplicationBase>::~Callback()	0	static
../../TouchGFX/generated/gui_generated/include/gui_generated/common/FrontendApplicationBase.hpp:16:13:FrontendApplicationBase::~FrontendApplicationBase()	0	static
../../TouchGFX/generated/gui_generated/include/gui_generated/common/FrontendApplicationBase.hpp:18:18:virtual void FrontendApplicationBase::changeToStartScreen()	0	static
../../Middlewares/ST/touchgfx/framework/include/touchgfx/transitions/NoTransition.hpp:35:18:virtual void touchgfx::NoTransition::handleTickEvent()	0	static
../../Middlewares/ST/touchgfx/framework/include/touchgfx/transitions/WipeTransition.hpp:37:7:touchgfx::WipeTransition<touchgfx::EAST>::~WipeTransition()	0	static
../../Middlewares/ST/touchgfx/framework/include/touchgfx/transitions/NoTransition.hpp:31:7:touchgfx::NoTransition::~NoTransition()	0	static
../../Middlewares/ST/touchgfx/framework/include/touchgfx/transitions/WipeTransition.hpp:144:18:void touchgfx::WipeTransition<templateDirection>::init() [with touchgfx::Direction templateDirection = touchgfx::EAST]	0	static
../../Middlewares/ST/touchgfx/framework/include/touchgfx/Callback.hpp:449:18:void touchgfx::Callback<dest_type, void, void, void>::execute() [with dest_type = FrontendApplicationBase]	0	static
../../Middlewares/ST/touchgfx/framework/include/touchgfx/Callback.hpp:459:18:bool touchgfx::Callback<dest_type, void, void, void>::isValid() const [with dest_type = FrontendApplicationBase]	0	static
../../Middlewares/ST/touchgfx/framework/include/touchgfx/transitions/NoTransition.hpp:31:7:virtual touchgfx::NoTransition::~NoTransition()	8	static
../../Middlewares/ST/touchgfx/framework/include/touchgfx/transitions/WipeTransition.hpp:37:7:virtual touchgfx::WipeTransition<touchgfx::EAST>::~WipeTransition()	8	static
../../Middlewares/ST/touchgfx/framework/include/touchgfx/Callback.hpp:424:8:virtual touchgfx::Callback<FrontendApplicationBase>::~Callback()	8	static
../../TouchGFX/generated/gui_generated/include/gui_generated/common/FrontendApplicationBase.hpp:16:13:virtual FrontendApplicationBase::~FrontendApplicationBase()	8	static
../../Middlewares/ST/touchgfx/framework/include/touchgfx/transitions/Transition.hpp:89:18:virtual void touchgfx::Transition::invalidate()	8	static
../../Middlewares/ST/touchgfx/framework/include/touchgfx/transitions/WipeTransition.hpp:149:18:void touchgfx::WipeTransition<templateDirection>::invalidate() [with touchgfx::Direction templateDirection = touchgfx::EAST]	8	static
../../Middlewares/ST/touchgfx/framework/include/touchgfx/transitions/WipeTransition.hpp:69:18:void touchgfx::WipeTransition<templateDirection>::handleTickEvent() [with touchgfx::Direction templateDirection = touchgfx::EAST]	16	static
C:/ESP-IDF/Gatway_updates/UART_Display_3/TouchGFX/generated/gui_generated/src/common/FrontendApplicationBase.cpp:48:6:void FrontendApplicationBase::gotoHome_ScreenScreenNoTransitionImpl()	40	static
C:/ESP-IDF/Gatway_updates/UART_Display_3/TouchGFX/generated/gui_generated/src/common/FrontendApplicationBase.cpp:85:6:void FrontendApplicationBase::gotoRead_Live_Data_ScreenScreenNoTransitionImpl()	40	static
../../Middlewares/ST/touchgfx/framework/include/mvp/MVPApplication.hpp:59:18:virtual void touchgfx::MVPApplication::handlePendingScreenTransition()	16	static
C:/ESP-IDF/Gatway_updates/UART_Display_3/TouchGFX/generated/gui_generated/src/common/FrontendApplicationBase.cpp:59:6:void FrontendApplicationBase::gotoHome_ScreenScreenWipeTransitionEastImpl()	40	static
C:/ESP-IDF/Gatway_updates/UART_Display_3/TouchGFX/generated/gui_generated/src/common/FrontendApplicationBase.cpp:109:6:void FrontendApplicationBase::gotoFreeze_Frame_DataScreenWipeTransitionEastImpl()	40	static
C:/ESP-IDF/Gatway_updates/UART_Display_3/TouchGFX/generated/gui_generated/src/common/FrontendApplicationBase.cpp:72:6:void FrontendApplicationBase::gotoTC_ScreenScreenWipeTransitionEastImpl()	40	static
C:/ESP-IDF/Gatway_updates/UART_Display_3/TouchGFX/generated/gui_generated/src/common/FrontendApplicationBase.cpp:96:6:void FrontendApplicationBase::gotoRead_Live_Data_ScreenScreenWipeTransitionEastImpl()	40	static
C:/ESP-IDF/Gatway_updates/UART_Display_3/TouchGFX/generated/gui_generated/src/common/FrontendApplicationBase.cpp:23:1:FrontendApplicationBase::FrontendApplicationBase(Model&, FrontendHeap&)	16	static
C:/ESP-IDF/Gatway_updates/UART_Display_3/TouchGFX/generated/gui_generated/src/common/FrontendApplicationBase.cpp:42:6:void FrontendApplicationBase::gotoHome_ScreenScreenNoTransition()	0	static
C:/ESP-IDF/Gatway_updates/UART_Display_3/TouchGFX/generated/gui_generated/src/common/FrontendApplicationBase.cpp:53:6:void FrontendApplicationBase::gotoHome_ScreenScreenWipeTransitionEast()	0	static
C:/ESP-IDF/Gatway_updates/UART_Display_3/TouchGFX/generated/gui_generated/src/common/FrontendApplicationBase.cpp:66:6:void FrontendApplicationBase::gotoTC_ScreenScreenWipeTransitionEast()	0	static
C:/ESP-IDF/Gatway_updates/UART_Display_3/TouchGFX/generated/gui_generated/src/common/FrontendApplicationBase.cpp:79:6:void FrontendApplicationBase::gotoRead_Live_Data_ScreenScreenNoTransition()	0	static
C:/ESP-IDF/Gatway_updates/UART_Display_3/TouchGFX/generated/gui_generated/src/common/FrontendApplicationBase.cpp:90:6:void FrontendApplicationBase::gotoRead_Live_Data_ScreenScreenWipeTransitionEast()	0	static
C:/ESP-IDF/Gatway_updates/UART_Display_3/TouchGFX/generated/gui_generated/src/common/FrontendApplicationBase.cpp:103:6:void FrontendApplicationBase::gotoFreeze_Frame_DataScreenWipeTransitionEast()	0	static
