../../Middlewares/ST/touchgfx/framework/include/touchgfx/Drawable.hpp:315:18:virtual void touchgfx::Drawable::setX(int16_t)	0	static
../../Middlewares/ST/touchgfx/framework/include/touchgfx/Drawable.hpp:327:18:virtual void touchgfx::Drawable::setY(int16_t)	0	static
../../Middlewares/ST/touchgfx/framework/include/touchgfx/Drawable.hpp:356:18:virtual void touchgfx::Drawable::setWidth(int16_t)	0	static
../../Middlewares/ST/touchgfx/framework/include/touchgfx/Drawable.hpp:368:18:virtual void touchgfx::Drawable::setHeight(int16_t)	0	static
../../Middlewares/ST/touchgfx/framework/include/touchgfx/Font.hpp:351:44:virtual uint16_t touchgfx::Font::getHeight() const	0	static
../../Middlewares/ST/touchgfx/framework/include/touchgfx/Screen.hpp:104:18:virtual void touchgfx::Screen::afterTransition()	0	static
../../Middlewares/ST/touchgfx/framework/include/touchgfx/Screen.hpp:115:18:virtual void touchgfx::Screen::tearDownScreen()	0	static
../../Middlewares/ST/touchgfx/framework/include/touchgfx/Screen.hpp:144:18:virtual void touchgfx::Screen::handleTickEvent()	0	static
../../Middlewares/ST/touchgfx/framework/include/touchgfx/Screen.hpp:154:18:virtual void touchgfx::Screen::handleKeyEvent(uint8_t)	0	static
../../Middlewares/ST/touchgfx/framework/include/touchgfx/TypedText.hpp:65:13:touchgfx::TypedText::~TypedText()	0	static
../../Middlewares/ST/touchgfx/framework/include/touchgfx/Callback.hpp:357:8:touchgfx::Callback<Home_ScreenViewBase, const touchgfx::AbstractButton&>::~Callback()	0	static
C:/TouchGFXProjects/UART_Display_3/TouchGFX/generated/gui_generated/src/home_screen_screen/Home_ScreenViewBase.cpp:44:1:Home_ScreenViewBase::~Home_ScreenViewBase()	0	static
C:/TouchGFXProjects/UART_Display_3/TouchGFX/generated/gui_generated/src/home_screen_screen/Home_ScreenViewBase.cpp:49:6:virtual void Home_ScreenViewBase::setupScreen()	0	static
../../Middlewares/ST/touchgfx/framework/include/touchgfx/Callback.hpp:386:18:void touchgfx::Callback<dest_type, T1, void, void>::execute(T1) [with dest_type = Home_ScreenViewBase; T1 = const touchgfx::AbstractButton&]	4	static
../../Middlewares/ST/touchgfx/framework/include/touchgfx/Callback.hpp:396:18:bool touchgfx::Callback<dest_type, T1, void, void>::isValid() const [with dest_type = Home_ScreenViewBase; T1 = const touchgfx::AbstractButton&]	0	static
../../Middlewares/ST/touchgfx/framework/include/touchgfx/TypedText.hpp:65:13:virtual touchgfx::TypedText::~TypedText()	8	static
../../Middlewares/ST/touchgfx/framework/include/touchgfx/Callback.hpp:357:8:virtual touchgfx::Callback<Home_ScreenViewBase, const touchgfx::AbstractButton&>::~Callback()	8	static
C:/TouchGFXProjects/UART_Display_3/TouchGFX/generated/gui_generated/src/home_screen_screen/Home_ScreenViewBase.cpp:44:1:virtual Home_ScreenViewBase::~Home_ScreenViewBase()	8	static
C:/TouchGFXProjects/UART_Display_3/TouchGFX/generated/gui_generated/src/home_screen_screen/Home_ScreenViewBase.cpp:54:6:void Home_ScreenViewBase::buttonCallbackHandler(const touchgfx::AbstractButton&)	8	static
C:/TouchGFXProjects/UART_Display_3/TouchGFX/generated/gui_generated/src/home_screen_screen/Home_ScreenViewBase.cpp:9:1:Home_ScreenViewBase::Home_ScreenViewBase()	80	static
