Application.hpp:91:18:virtual void touchgfx::Application::appSwitchScreen(uint8_t)	0	static
Application.hpp:104:18:virtual void touchgfx::Application::requestRedraw(touchgfx::Rect&)	0	static
FrontendApplication.hpp:14:13:FrontendApplication::~FrontendApplication()	0	static
FrontendApplicationBase.hpp:18:18:virtual void FrontendApplicationBase::changeToStartScreen()	0	static
FrontendApplication.hpp:14:13:virtual FrontendApplication::~FrontendApplication()	8	static
FrontendApplication.hpp:16:18:virtual void FrontendApplication::handleTickEvent()	8	static
MVPApplication.hpp:59:18:virtual void touchgfx::MVPApplication::handlePendingScreenTransition()	8	static
FrontendApplication.cpp:3:1:FrontendApplication::FrontendApplication(Model&, FrontendHeap&)	8	static
