ft5336.c:126:9:FT5336_GetCapabilities	0	static
ft5336.c:183:9:FT5336_DeInit	0	static
ft5336.c:337:9:FT5336_ITStatus	0	static
ft5336.c:487:16:ReadRegWrap	4	static
ft5336.c:502:16:WriteRegWrap	4	static
ft5336.c:201:9:FT5336_GestureConfig	16	static
ft5336.c:226:9:FT5336_ReadID	0	static
ft5336.c:264:9:FT5336_GetMultiTouchState	48	static
ft5336.c:302:9:FT5336_GetGesture	0	static
ft5336.c:313:9:FT5336_EnableIT	0	static
ft5336.c:324:9:FT5336_DisableIT	0	static
ft5336.c:148:9:FT5336_Init	8	static
ft5336.c:353:9:FT5336_ClearIT	0	static
ft5336.c:237:9:FT5336_GetState	24	static
ft5336.c:86:9:FT5336_RegisterBusIO	0	static
