ft5336_reg.c:43:9:ft5336_read_reg	4	static
ft5336_reg.c:56:9:ft5336_write_reg	4	static
ft5336_reg.c:67:10:ft5336_dev_mode_w	24	static
ft5336_reg.c:91:10:ft5336_dev_mode_r	8	static
ft5336_reg.c:112:10:ft5336_gest_id	0	static
ft5336_reg.c:123:10:ft5336_td_status	8	static
ft5336_reg.c:144:10:ft5336_p1_xh_ef	8	static
ft5336_reg.c:165:10:ft5336_p1_xh_tp	8	static
ft5336_reg.c:186:10:ft5336_p1_xl_tp	0	static
ft5336_reg.c:197:10:ft5336_p1_yh_tid	8	static
ft5336_reg.c:218:10:ft5336_p1_yh_tp	8	static
ft5336_reg.c:239:10:ft5336_p1_yl_tp	0	static
ft5336_reg.c:250:10:ft5336_p1_weight	0	static
ft5336_reg.c:261:10:ft5336_p1_misc	8	static
ft5336_reg.c:281:10:ft5336_p2_xh_ef	8	static
ft5336_reg.c:302:10:ft5336_p2_xh_tp	8	static
ft5336_reg.c:323:10:ft5336_p2_xl_tp	0	static
ft5336_reg.c:334:10:ft5336_p2_yh_tid	8	static
ft5336_reg.c:355:10:ft5336_p2_yh_tp	8	static
ft5336_reg.c:376:10:ft5336_p2_yl_tp	0	static
ft5336_reg.c:387:10:ft5336_p2_weight	0	static
ft5336_reg.c:398:10:ft5336_p2_misc	8	static
ft5336_reg.c:418:10:ft5336_p3_xh_ef	8	static
ft5336_reg.c:439:10:ft5336_p3_xh_tp	8	static
ft5336_reg.c:460:10:ft5336_p3_xl_tp	0	static
ft5336_reg.c:471:10:ft5336_p3_yh_tid	8	static
ft5336_reg.c:492:10:ft5336_p3_yh_tp	8	static
ft5336_reg.c:513:10:ft5336_p3_yl_tp	0	static
ft5336_reg.c:524:10:ft5336_p3_weight	0	static
ft5336_reg.c:535:10:ft5336_p3_misc	8	static
ft5336_reg.c:555:10:ft5336_p4_xh_ef	8	static
ft5336_reg.c:576:10:ft5336_p4_xh_tp	8	static
ft5336_reg.c:597:10:ft5336_p4_xl_tp	0	static
ft5336_reg.c:608:10:ft5336_p4_yh_tid	8	static
ft5336_reg.c:629:10:ft5336_p4_yh_tp	8	static
ft5336_reg.c:650:10:ft5336_p4_yl_tp	0	static
ft5336_reg.c:661:10:ft5336_p4_weight	0	static
ft5336_reg.c:672:10:ft5336_p4_misc	8	static
ft5336_reg.c:692:10:ft5336_p5_xh_ef	8	static
ft5336_reg.c:713:10:ft5336_p5_xh_tp	8	static
ft5336_reg.c:734:10:ft5336_p5_xl_tp	0	static
ft5336_reg.c:745:10:ft5336_p5_yh_tid	8	static
ft5336_reg.c:766:10:ft5336_p5_yh_tp	8	static
ft5336_reg.c:787:10:ft5336_p5_yl_tp	0	static
ft5336_reg.c:798:10:ft5336_p5_weight	0	static
ft5336_reg.c:809:10:ft5336_p5_misc	8	static
ft5336_reg.c:829:10:ft5336_th_group	16	static
ft5336_reg.c:840:10:ft5336_th_diff	16	static
ft5336_reg.c:851:10:ft5336_ctrl	16	static
ft5336_reg.c:862:10:ft5336_time_enter_monitor	16	static
ft5336_reg.c:873:10:ft5336_period_active	16	static
ft5336_reg.c:884:10:ft5336_period_monitor	16	static
ft5336_reg.c:895:10:ft5336_radian_value	16	static
ft5336_reg.c:906:10:ft5336_offset_left_right	16	static
ft5336_reg.c:917:10:ft5336_offset_up_down	16	static
ft5336_reg.c:928:10:ft5336_disatnce_left_right	16	static
ft5336_reg.c:939:10:ft5336_distance_up_down	16	static
ft5336_reg.c:950:10:ft5336_distance_zoom	16	static
ft5336_reg.c:961:10:ft5336_lib_ver_high	0	static
ft5336_reg.c:972:10:ft5336_lib_ver_low	0	static
ft5336_reg.c:983:10:ft5336_cipher	0	static
ft5336_reg.c:994:10:ft5336_g_mode	16	static
ft5336_reg.c:1005:10:ft5336_pwr_mode	16	static
ft5336_reg.c:1016:10:ft5336_firm_id	0	static
ft5336_reg.c:1027:10:ft5336_chip_id	0	static
ft5336_reg.c:1048:10:ft5336_release_code_id	0	static
ft5336_reg.c:1059:10:ft5336_state	16	static
